[INFO] Scanning for projects...
[INFO] 
[INFO] --------------------< edu.rose-hulman:S1G2-Project >--------------------
[INFO] Building S1G2-Project 2.3.2
[INFO]   from pom.xml
[INFO] --------------------------------[ jar ]---------------------------------
[INFO] 
[INFO] --- resources:3.3.1:resources (default-resources) @ S1G2-Project ---
[INFO] Copying 15 resources from src\main\resources to target\classes
[INFO] 
[INFO] --- compiler:3.11.0:compile (default-compile) @ S1G2-Project ---
[INFO] Changes detected - recompiling the module! :source
[INFO] Compiling 30 source files with javac [debug target 17] to target\classes
[WARNING] system modules path not set in conjunction with -source 17
[INFO] /C:/Users/leserej/OneDrive - Rose-Hulman Institute of Technology/Documents/My Stuff/Classes/2526W/Capstone/Prev-SQA-Project/src/main/java/main/Deck.java: C:\Users\leserej\OneDrive - Rose-Hulman Institute of Technology\Documents\My Stuff\Classes\2526W\Capstone\Prev-SQA-Project\src\main\java\main\Deck.java uses unchecked or unsafe operations.
[INFO] /C:/Users/leserej/OneDrive - Rose-Hulman Institute of Technology/Documents/My Stuff/Classes/2526W/Capstone/Prev-SQA-Project/src/main/java/main/Deck.java: Recompile with -Xlint:unchecked for details.
[INFO] 
[INFO] --- resources:3.3.1:testResources (default-testResources) @ S1G2-Project ---
[INFO] skip non existing resourceDirectory C:\Users\leserej\OneDrive - Rose-Hulman Institute of Technology\Documents\My Stuff\Classes\2526W\Capstone\Prev-SQA-Project\src\test\resources
[INFO] 
[INFO] --- compiler:3.11.0:testCompile (default-testCompile) @ S1G2-Project ---
[INFO] Changes detected - recompiling the module! :dependency
[INFO] Compiling 11 source files with javac [debug target 17] to target\test-classes
[WARNING] system modules path not set in conjunction with -source 17
[INFO] 
[INFO] --- surefire:3.2.5:test (default-test) @ S1G2-Project ---
[INFO] Using auto detected provider org.apache.maven.surefire.junit4.JUnit4Provider
[INFO] 
[INFO] -------------------------------------------------------
[INFO]  T E S T S
[INFO] -------------------------------------------------------
[INFO] Running main.AttackTest
[INFO] Tests run: 1, Failures: 0, Errors: 0, Skipped: 0, Time elapsed: 0.557 s -- in main.AttackTest
[INFO] Running main.CardGeneratorTest
[INFO] Tests run: 5, Failures: 0, Errors: 0, Skipped: 0, Time elapsed: 0.005 s -- in main.CardGeneratorTest
[INFO] Running main.DeckTest
[INFO] Tests run: 45, Failures: 0, Errors: 0, Skipped: 0, Time elapsed: 0.231 s -- in main.DeckTest
[INFO] Running main.EnergyTest
[INFO] Tests run: 4, Failures: 0, Errors: 0, Skipped: 0, Time elapsed: 0.001 s -- in main.EnergyTest
[INFO] Running main.GameSetupTest
[INFO] Tests run: 2, Failures: 0, Errors: 0, Skipped: 0, Time elapsed: 0.043 s -- in main.GameSetupTest
[INFO] Running main.GameTest
[ERROR] Tests run: 65, Failures: 3, Errors: 0, Skipped: 0, Time elapsed: 0.214 s <<< FAILURE! -- in main.GameTest
[ERROR] main.GameTest.testMainGameLoopGameSetupOneTurn -- Time elapsed: 0.122 s <<< FAILURE!
java.lang.AssertionError: 

  Unexpected method call GUI.setPlayers(null, null):
    GUI.updateTurn(1 (int)): expected: 1, actual: 0
    GUI.displayMessage("The result was Heads Player 1 goes first!"): expected: 1, actual: 0
    GUI.removeAllButtons(): expected: 3, actual: 0
    GUI.displayCards(EasyMock for class java.util.ArrayList): expected: 3, actual: 0
    GUI.displayMessage("Select a basic Pokemon to be your Active Pokemon"): expected: 1, actual: 0
    GUI.setupActivePokemon(): expected: 1, actual: 0
    GUI.waitForButtonPressed(): expected: 2, actual: 0
    GUI.getLastSelectedCard(): expected: 1, actual: 0
    GUI.makeActiveCard(EasyMock for class main.Pokemon, 1 (int)): expected: 1, actual: 0
    GUI.displayActionButtons(): expected: 1, actual: 0
    GUI.gameIsOver(): expected: 1, actual: 0
	at org.easymock.internal.MockInvocationHandler.invoke(MockInvocationHandler.java:46)
	at org.easymock.internal.ObjectMethodsFilter.invoke(ObjectMethodsFilter.java:100)
	at jdk.proxy2/jdk.proxy2.$Proxy42.setPlayers(Unknown Source)
	at main.Game.setupGame(Game.java:31)
	at main.GameTest.testMainGameLoopGameSetupOneTurn(GameTest.java:2138)
	at java.base/jdk.internal.reflect.DirectMethodHandleAccessor.invoke(DirectMethodHandleAccessor.java:103)
	at java.base/java.lang.reflect.Method.invoke(Method.java:580)
	at org.junit.runners.model.FrameworkMethod$1.runReflectiveCall(FrameworkMethod.java:59)
	at org.junit.internal.runners.model.ReflectiveCallable.run(ReflectiveCallable.java:12)
	at org.junit.runners.model.FrameworkMethod.invokeExplosively(FrameworkMethod.java:56)
	at org.junit.internal.runners.statements.InvokeMethod.evaluate(InvokeMethod.java:17)
	at org.junit.runners.ParentRunner$3.evaluate(ParentRunner.java:306)
	at org.junit.runners.BlockJUnit4ClassRunner$1.evaluate(BlockJUnit4ClassRunner.java:100)
	at org.junit.runners.ParentRunner.runLeaf(ParentRunner.java:366)
	at org.junit.runners.BlockJUnit4ClassRunner.runChild(BlockJUnit4ClassRunner.java:103)
	at org.junit.runners.BlockJUnit4ClassRunner.runChild(BlockJUnit4ClassRunner.java:63)
	at org.junit.runners.ParentRunner$4.run(ParentRunner.java:331)
	at org.junit.runners.ParentRunner$1.schedule(ParentRunner.java:79)
	at org.junit.runners.ParentRunner.runChildren(ParentRunner.java:329)
	at org.junit.runners.ParentRunner.access$100(ParentRunner.java:66)
	at org.junit.runners.ParentRunner$2.evaluate(ParentRunner.java:293)
	at org.junit.runners.ParentRunner$3.evaluate(ParentRunner.java:306)
	at org.junit.runners.ParentRunner.run(ParentRunner.java:413)
	at org.apache.maven.surefire.junit4.JUnit4Provider.execute(JUnit4Provider.java:316)
	at org.apache.maven.surefire.junit4.JUnit4Provider.executeWithRerun(JUnit4Provider.java:240)
	at org.apache.maven.surefire.junit4.JUnit4Provider.executeTestSet(JUnit4Provider.java:214)
	at org.apache.maven.surefire.junit4.JUnit4Provider.invoke(JUnit4Provider.java:155)
	at org.apache.maven.surefire.booter.ForkedBooter.runSuitesInProcess(ForkedBooter.java:385)
	at org.apache.maven.surefire.booter.ForkedBooter.execute(ForkedBooter.java:162)
	at org.apache.maven.surefire.booter.ForkedBooter.run(ForkedBooter.java:507)
	at org.apache.maven.surefire.booter.ForkedBooter.main(ForkedBooter.java:495)

[ERROR] main.GameTest.testSetupGame -- Time elapsed: 0.054 s <<< FAILURE!
java.lang.AssertionError: 

  Unexpected method call GameGUI.setPlayers(null, null):
    GameGUI.displayMessage("The result was Heads Player 1 goes first!"): expected: 1, actual: 0
    GameGUI.displayMessage("Select a basic Pokemon to be your Active Pokemon"): expected: 1, actual: 0
    GameGUI.removeAllButtons(): expected: 2, actual: 0
    GameGUI.updateTurn(1 (int)): expected: 1, actual: 0
    GameGUI.displayCards(EasyMock for class java.util.ArrayList): expected: 2, actual: 0
    GameGUI.setupActivePokemon(): expected: 1, actual: 0
    GameGUI.waitForButtonPressed(): expected: 1, actual: 0
    GameGUI.getLastSelectedCard(): expected: 1, actual: 0
    GameGUI.makeActiveCard(EasyMock for class main.Pokemon, 1 (int)): expected: 1, actual: 0
	at org.easymock.internal.MockInvocationHandler.invoke(MockInvocationHandler.java:46)
	at org.easymock.internal.ObjectMethodsFilter.invoke(ObjectMethodsFilter.java:100)
	at org.easymock.internal.ClassProxyFactory$MockMethodInterceptor.interceptSuperCallable(ClassProxyFactory.java:100)
	at main.GameGUI$$$EasyMock$10.setPlayers(Unknown Source)
	at main.Game.setupGame(Game.java:31)
	at main.GameTest.testSetupGame(GameTest.java:415)
	at java.base/jdk.internal.reflect.DirectMethodHandleAccessor.invoke(DirectMethodHandleAccessor.java:103)
	at java.base/java.lang.reflect.Method.invoke(Method.java:580)
	at org.junit.runners.model.FrameworkMethod$1.runReflectiveCall(FrameworkMethod.java:59)
	at org.junit.internal.runners.model.ReflectiveCallable.run(ReflectiveCallable.java:12)
	at org.junit.runners.model.FrameworkMethod.invokeExplosively(FrameworkMethod.java:56)
	at org.junit.internal.runners.statements.InvokeMethod.evaluate(InvokeMethod.java:17)
	at org.junit.runners.ParentRunner$3.evaluate(ParentRunner.java:306)
	at org.junit.runners.BlockJUnit4ClassRunner$1.evaluate(BlockJUnit4ClassRunner.java:100)
	at org.junit.runners.ParentRunner.runLeaf(ParentRunner.java:366)
	at org.junit.runners.BlockJUnit4ClassRunner.runChild(BlockJUnit4ClassRunner.java:103)
	at org.junit.runners.BlockJUnit4ClassRunner.runChild(BlockJUnit4ClassRunner.java:63)
	at org.junit.runners.ParentRunner$4.run(ParentRunner.java:331)
	at org.junit.runners.ParentRunner$1.schedule(ParentRunner.java:79)
	at org.junit.runners.ParentRunner.runChildren(ParentRunner.java:329)
	at org.junit.runners.ParentRunner.access$100(ParentRunner.java:66)
	at org.junit.runners.ParentRunner$2.evaluate(ParentRunner.java:293)
	at org.junit.runners.ParentRunner$3.evaluate(ParentRunner.java:306)
	at org.junit.runners.ParentRunner.run(ParentRunner.java:413)
	at org.apache.maven.surefire.junit4.JUnit4Provider.execute(JUnit4Provider.java:316)
	at org.apache.maven.surefire.junit4.JUnit4Provider.executeWithRerun(JUnit4Provider.java:240)
	at org.apache.maven.surefire.junit4.JUnit4Provider.executeTestSet(JUnit4Provider.java:214)
	at org.apache.maven.surefire.junit4.JUnit4Provider.invoke(JUnit4Provider.java:155)
	at org.apache.maven.surefire.booter.ForkedBooter.runSuitesInProcess(ForkedBooter.java:385)
	at org.apache.maven.surefire.booter.ForkedBooter.execute(ForkedBooter.java:162)
	at org.apache.maven.surefire.booter.ForkedBooter.run(ForkedBooter.java:507)
	at org.apache.maven.surefire.booter.ForkedBooter.main(ForkedBooter.java:495)

[ERROR] main.GameTest.testMainGameLoopGameSetupTwoTurns -- Time elapsed: 0.011 s <<< FAILURE!
java.lang.AssertionError: 

  Unexpected method call GUI.setPlayers(null, null):
    GUI.updateTurn(1 (int)): expected: 1, actual: 0
    GUI.displayMessage("The result was Heads Player 1 goes first!"): expected: 1, actual: 0
    GUI.removeAllButtons(): expected: 4, actual: 0
    GUI.displayCards(EasyMock for class java.util.ArrayList): expected: 4, actual: 0
    GUI.displayMessage("Select a basic Pokemon to be your Active Pokemon"): expected: 1, actual: 0
    GUI.setupActivePokemon(): expected: 1, actual: 0
    GUI.waitForButtonPressed(): expected: 3, actual: 0
    GUI.getLastSelectedCard(): expected: 1, actual: 0
    GUI.makeActiveCard(EasyMock for class main.Pokemon, 1 (int)): expected: 1, actual: 0
    GUI.displayActionButtons(): expected: 2, actual: 0
    GUI.gameIsOver(): expected: 2, actual: 0
	at org.easymock.internal.MockInvocationHandler.invoke(MockInvocationHandler.java:46)
	at org.easymock.internal.ObjectMethodsFilter.invoke(ObjectMethodsFilter.java:100)
	at jdk.proxy2/jdk.proxy2.$Proxy42.setPlayers(Unknown Source)
	at main.Game.setupGame(Game.java:31)
	at main.GameTest.testMainGameLoopGameSetupTwoTurns(GameTest.java:2214)
	at java.base/jdk.internal.reflect.DirectMethodHandleAccessor.invoke(DirectMethodHandleAccessor.java:103)
	at java.base/java.lang.reflect.Method.invoke(Method.java:580)
	at org.junit.runners.model.FrameworkMethod$1.runReflectiveCall(FrameworkMethod.java:59)
	at org.junit.internal.runners.model.ReflectiveCallable.run(ReflectiveCallable.java:12)
	at org.junit.runners.model.FrameworkMethod.invokeExplosively(FrameworkMethod.java:56)
	at org.junit.internal.runners.statements.InvokeMethod.evaluate(InvokeMethod.java:17)
	at org.junit.runners.ParentRunner$3.evaluate(ParentRunner.java:306)
	at org.junit.runners.BlockJUnit4ClassRunner$1.evaluate(BlockJUnit4ClassRunner.java:100)
	at org.junit.runners.ParentRunner.runLeaf(ParentRunner.java:366)
	at org.junit.runners.BlockJUnit4ClassRunner.runChild(BlockJUnit4ClassRunner.java:103)
	at org.junit.runners.BlockJUnit4ClassRunner.runChild(BlockJUnit4ClassRunner.java:63)
	at org.junit.runners.ParentRunner$4.run(ParentRunner.java:331)
	at org.junit.runners.ParentRunner$1.schedule(ParentRunner.java:79)
	at org.junit.runners.ParentRunner.runChildren(ParentRunner.java:329)
	at org.junit.runners.ParentRunner.access$100(ParentRunner.java:66)
	at org.junit.runners.ParentRunner$2.evaluate(ParentRunner.java:293)
	at org.junit.runners.ParentRunner$3.evaluate(ParentRunner.java:306)
	at org.junit.runners.ParentRunner.run(ParentRunner.java:413)
	at org.apache.maven.surefire.junit4.JUnit4Provider.execute(JUnit4Provider.java:316)
	at org.apache.maven.surefire.junit4.JUnit4Provider.executeWithRerun(JUnit4Provider.java:240)
	at org.apache.maven.surefire.junit4.JUnit4Provider.executeTestSet(JUnit4Provider.java:214)
	at org.apache.maven.surefire.junit4.JUnit4Provider.invoke(JUnit4Provider.java:155)
	at org.apache.maven.surefire.booter.ForkedBooter.runSuitesInProcess(ForkedBooter.java:385)
	at org.apache.maven.surefire.booter.ForkedBooter.execute(ForkedBooter.java:162)
	at org.apache.maven.surefire.booter.ForkedBooter.run(ForkedBooter.java:507)
	at org.apache.maven.surefire.booter.ForkedBooter.main(ForkedBooter.java:495)

[INFO] Running main.MainTest
[INFO] Tests run: 1, Failures: 0, Errors: 0, Skipped: 0, Time elapsed: 0.016 s -- in main.MainTest
[INFO] Running main.PlayerHandlerTest
[INFO] Tests run: 40, Failures: 0, Errors: 0, Skipped: 0, Time elapsed: 0.029 s -- in main.PlayerHandlerTest
[INFO] Running main.PlayerTest
[INFO] Tests run: 36, Failures: 0, Errors: 0, Skipped: 0, Time elapsed: 0.019 s -- in main.PlayerTest
[INFO] Running main.PokemonTest
[INFO] Tests run: 43, Failures: 0, Errors: 0, Skipped: 0, Time elapsed: 0.006 s -- in main.PokemonTest
[INFO] Running main.TrainerTest
[INFO] Tests run: 11, Failures: 0, Errors: 0, Skipped: 0, Time elapsed: 0 s -- in main.TrainerTest
[INFO] 
[INFO] Results:
[INFO] 
[ERROR] Failures: 
[ERROR]   GameTest.testMainGameLoopGameSetupOneTurn:2138 
  Unexpected method call GUI.setPlayers(null, null):
    GUI.updateTurn(1 (int)): expected: 1, actual: 0
    GUI.displayMessage("The result was Heads Player 1 goes first!"): expected: 1, actual: 0
    GUI.removeAllButtons(): expected: 3, actual: 0
    GUI.displayCards(EasyMock for class java.util.ArrayList): expected: 3, actual: 0
    GUI.displayMessage("Select a basic Pokemon to be your Active Pokemon"): expected: 1, actual: 0
    GUI.setupActivePokemon(): expected: 1, actual: 0
    GUI.waitForButtonPressed(): expected: 2, actual: 0
    GUI.getLastSelectedCard(): expected: 1, actual: 0
    GUI.makeActiveCard(EasyMock for class main.Pokemon, 1 (int)): expected: 1, actual: 0
    GUI.displayActionButtons(): expected: 1, actual: 0
    GUI.gameIsOver(): expected: 1, actual: 0
[ERROR]   GameTest.testMainGameLoopGameSetupTwoTurns:2214 
  Unexpected method call GUI.setPlayers(null, null):
    GUI.updateTurn(1 (int)): expected: 1, actual: 0
    GUI.displayMessage("The result was Heads Player 1 goes first!"): expected: 1, actual: 0
    GUI.removeAllButtons(): expected: 4, actual: 0
    GUI.displayCards(EasyMock for class java.util.ArrayList): expected: 4, actual: 0
    GUI.displayMessage("Select a basic Pokemon to be your Active Pokemon"): expected: 1, actual: 0
    GUI.setupActivePokemon(): expected: 1, actual: 0
    GUI.waitForButtonPressed(): expected: 3, actual: 0
    GUI.getLastSelectedCard(): expected: 1, actual: 0
    GUI.makeActiveCard(EasyMock for class main.Pokemon, 1 (int)): expected: 1, actual: 0
    GUI.displayActionButtons(): expected: 2, actual: 0
    GUI.gameIsOver(): expected: 2, actual: 0
[ERROR]   GameTest.testSetupGame:415 
  Unexpected method call GameGUI.setPlayers(null, null):
    GameGUI.displayMessage("The result was Heads Player 1 goes first!"): expected: 1, actual: 0
    GameGUI.displayMessage("Select a basic Pokemon to be your Active Pokemon"): expected: 1, actual: 0
    GameGUI.removeAllButtons(): expected: 2, actual: 0
    GameGUI.updateTurn(1 (int)): expected: 1, actual: 0
    GameGUI.displayCards(EasyMock for class java.util.ArrayList): expected: 2, actual: 0
    GameGUI.setupActivePokemon(): expected: 1, actual: 0
    GameGUI.waitForButtonPressed(): expected: 1, actual: 0
    GameGUI.getLastSelectedCard(): expected: 1, actual: 0
    GameGUI.makeActiveCard(EasyMock for class main.Pokemon, 1 (int)): expected: 1, actual: 0
[INFO] 
[ERROR] Tests run: 253, Failures: 3, Errors: 0, Skipped: 0
[INFO] 
[INFO] ------------------------------------------------------------------------
[INFO] BUILD FAILURE
[INFO] ------------------------------------------------------------------------
[INFO] Total time:  6.154 s
[INFO] Finished at: 2026-04-02T14:46:36-04:00
[INFO] ------------------------------------------------------------------------
[ERROR] Failed to execute goal org.apache.maven.plugins:maven-surefire-plugin:3.2.5:test (default-test) on project S1G2-Project: There are test failures.
[ERROR] 
[ERROR] Please refer to C:\Users\leserej\OneDrive - Rose-Hulman Institute of Technology\Documents\My Stuff\Classes\2526W\Capstone\Prev-SQA-Project\target\surefire-reports for the individual test results.
[ERROR] Please refer to dump files (if any exist) [date].dump, [date]-jvmRun[N].dump and [date].dumpstream.
[ERROR] -> [Help 1]
[ERROR] 
[ERROR] To see the full stack trace of the errors, re-run Maven with the -e switch.
[ERROR] Re-run Maven using the -X switch to enable full debug logging.
[ERROR] 
[ERROR] For more information about the errors and possible solutions, please read the following articles:
[ERROR] [Help 1] http://cwiki.apache.org/confluence/display/MAVEN/MojoFailureException
